// Jest Snapshot v1, https://goo.gl/fbAQLP

exports[`A Ninetailed setup with multiple analytics plugins Sending component views directly should send a component view event to all analytics plugins 1`] = `
Object {
  "event": "nt_experience",
  "ninetailed_audience": "audience-1",
  "ninetailed_component": "variant-1",
  "ninetailed_experience": "experience-1",
  "ninetailed_experience_name": "test",
  "ninetailed_variant": "variant 1",
}
`;
